<?xml version="1.0" encoding="UTF-8"?>
<TestRun id="6ea3f4de-363e-48d3-bbfe-106a3c739c92" name="King Wilder@KINGWILDER-PC 2011-10-14 20:57:37" runUser="KingWilder-PC\King Wilder" xmlns="http://microsoft.com/schemas/VisualStudio/TeamTest/2010">
  <TestSettings name="Default Test Settings" id="e3c33183-edf5-412f-839f-795f4b93e311">
    <Deployment runDeploymentRoot="King Wilder_KINGWILDER-PC 2011-10-14 20_57_37">
      <DeploymentItem filename="C:\VSProjects\webgoat.mvc\webgoat.mvc\packages\MvcContrib.Mvc3.TestHelper-ci.3.0.89.0\lib\MvcContrib.TestHelper.dll" />
      <DeploymentItem filename="C:\VSProjects\webgoat.mvc\webgoat.mvc\packages\Mvc2Futures.2.0.50217.0\lib\Microsoft.Web.Mvc.dll" />
      <DeploymentItem filename="C:\VSProjects\webgoat.mvc\webgoat.mvc\packages\RhinoMocks.3.6\lib\Rhino.Mocks.dll" />
      <DeploymentItem filename="C:\VSProjects\webgoat.mvc\webgoat.mvc\packages\MvcContrib.2.0.95.0\lib\MvcContrib.dll" />
      <DeploymentItem filename="C:\VSProjects\webgoat.mvc\webgoat.mvc\WebGoat.MVC\bin\WebGoat.MVC.dll" />
    </Deployment>
    <Execution>
      <TestTypeSpecific />
      <AgentRule name="Execution Agents">
      </AgentRule>
    </Execution>
  </TestSettings>
  <Times creation="2011-10-14T20:57:37.1220148-07:00" queuing="2011-10-14T20:57:37.7710519-07:00" start="2011-10-14T20:57:37.8890587-07:00" finish="2011-10-14T20:57:39.1461306-07:00" />
  <ResultSummary outcome="Failed">
    <Counters total="1" executed="1" error="0" failed="1" timeout="0" aborted="0" inconclusive="0" passedButRunAborted="0" notRunnable="0" notExecuted="0" disconnected="0" warning="0" passed="0" completed="0" inProgress="0" pending="0" />
  </ResultSummary>
  <TestDefinitions>
    <UnitTest name="security_redirect1_calls_UnvalidatedRedirectsAndForwards1_action" storage="c:\vsprojects\webgoat.mvc\webgoat.mvc\webgoat.mvc.tests\bin\debug\webgoat.mvc.tests.dll" id="da95f305-ba2d-602e-1997-1170a86f97f2">
      <Execution id="62184af1-4cc0-4c60-979d-c908eed0371e" />
      <TestMethod codeBase="C:/VSProjects/webgoat.mvc/webgoat.mvc/WebGoat.MVC.Tests/bin/Debug/WebGoat.MVC.Tests.DLL" adapterTypeName="Microsoft.VisualStudio.TestTools.TestTypes.Unit.UnitTestAdapter, Microsoft.VisualStudio.QualityTools.Tips.UnitTest.Adapter, Version=10.0.0.0, Culture=neutral, PublicKeyToken=b03f5f7f11d50a3a" className="WebGoat.MVC.Tests.Controllers.SecurityControllerTests, WebGoat.MVC.Tests, Version=1.0.0.0, Culture=neutral, PublicKeyToken=null" name="security_redirect1_calls_UnvalidatedRedirectsAndForwards1_action" />
    </UnitTest>
  </TestDefinitions>
  <TestLists>
    <TestList name="Results Not in a List" id="8c84fa94-04c1-424b-9868-57a2d4851a1d" />
    <TestList name="All Loaded Results" id="19431567-8539-422a-85d7-44ee4e166bda" />
  </TestLists>
  <TestEntries>
    <TestEntry testId="da95f305-ba2d-602e-1997-1170a86f97f2" executionId="62184af1-4cc0-4c60-979d-c908eed0371e" testListId="8c84fa94-04c1-424b-9868-57a2d4851a1d" />
  </TestEntries>
  <Results>
    <UnitTestResult executionId="62184af1-4cc0-4c60-979d-c908eed0371e" testId="da95f305-ba2d-602e-1997-1170a86f97f2" testName="security_redirect1_calls_UnvalidatedRedirectsAndForwards1_action" computerName="KINGWILDER-PC" duration="00:00:00.5369043" startTime="2011-10-14T20:57:38.0600685-07:00" endTime="2011-10-14T20:57:38.8551140-07:00" testType="13cdc9d9-ddb5-4fa4-a97d-d965ccfc6d4b" outcome="Failed" testListId="8c84fa94-04c1-424b-9868-57a2d4851a1d" relativeResultsDirectory="62184af1-4cc0-4c60-979d-c908eed0371e">
      <Output>
        <ErrorInfo>
          <Message>Test method WebGoat.MVC.Tests.Controllers.SecurityControllerTests.security_redirect1_calls_UnvalidatedRedirectsAndForwards1_action threw exception: 
MvcContrib.TestHelper.AssertionException: Expected Security but was curity</Message>
          <StackTrace>    at WebGoat.MVC.Tests.Controllers.SecurityControllerTests.security_redirect1_calls_UnvalidatedRedirectsAndForwards1_action() in C:\VSProjects\webgoat.mvc\webgoat.mvc\WebGoat.MVC.Tests\Controllers\SecurityControllerTests.cs:line 21
</StackTrace>
        </ErrorInfo>
      </Output>
    </UnitTestResult>
  </Results>
</TestRun>